[    0.000000] Linux version 7.0.1 (nixbld@localhost) (gcc (GCC) 15.2.0, GNU ld (GNU Binutils) 2.46) #1-NixOS SMP PREEMPT_DYNAMIC Wed Apr 22 11:32:23 UTC 2026
[    0.000000] Command line: BOOT_IMAGE=(hd0,msdos1)/nix/store/l04h229yn4wjqs4n0sw74xq2f12266lz-linux-7.0.1/bzImage init=/nix/store/x7q9sg54w08s75bkl8yszfd32yfcpyq6-nixos-system-server-26.05.20260427.6368eda/init pcie_aspm=force ahci.mobile_lpm_policy=3 i915.enable_fbc=1 i915.enable_guc=2 root=fstab loglevel=4 lsm=landlock,yama,bpf
[    0.000000] BIOS-provided physical RAM map:
[    0.000000] BIOS-e820: [mem 0x0000000000000000-0x000000000009d7ff]  System RAM
[    0.000000] BIOS-e820: [mem 0x000000000009d800-0x000000000009ffff]  device reserved
[    0.000000] BIOS-e820: [gap 0x00000000000a0000-0x00000000000dffff]
[    0.000000] BIOS-e820: [mem 0x00000000000e0000-0x00000000000fffff]  device reserved
[    0.000000] BIOS-e820: [mem 0x0000000000100000-0x000000005f272fff]  System RAM
[    0.000000] BIOS-e820: [mem 0x000000005f273000-0x000000005f279fff]  ACPI NVS
[    0.000000] BIOS-e820: [mem 0x000000005f27a000-0x000000005f6cffff]  System RAM
[    0.000000] BIOS-e820: [mem 0x000000005f6d0000-0x000000005fb07fff]  device reserved
[    0.000000] BIOS-e820: [mem 0x000000005fb08000-0x000000007876bfff]  System RAM
[    0.000000] BIOS-e820: [mem 0x000000007876c000-0x00000000787f9fff]  device reserved
[    0.000000] BIOS-e820: [mem 0x00000000787fa000-0x0000000078823fff]  ACPI data
[    0.000000] BIOS-e820: [mem 0x0000000078824000-0x00000000d8b09fff]  ACPI NVS
[    0.000000] BIOS-e820: [mem 0x00000000d8b0a000-0x00000000d9ffefff]  device reserved
[    0.000000] BIOS-e820: [mem 0x00000000d9fff000-0x00000000d9ffffff]  System RAM
[    0.000000] BIOS-e820: [gap 0x00000000da000000-0x00000000daffffff]
[    0.000000] BIOS-e820: [mem 0x00000000db000000-0x00000000df1fffff]  device reserved
[    0.000000] BIOS-e820: [gap 0x00000000df200000-0x00000000f7ffffff]
[    0.000000] BIOS-e820: [mem 0x00000000f8000000-0x00000000fbffffff]  device reserved
[    0.000000] BIOS-e820: [gap 0x00000000fc000000-0x00000000febfffff]
[    0.000000] BIOS-e820: [mem 0x00000000fec00000-0x00000000fec00fff]  device reserved
[    0.000000] BIOS-e820: [gap 0x00000000fec01000-0x00000000fecfffff]
[    0.000000] BIOS-e820: [mem 0x00000000fed00000-0x00000000fed03fff]  device reserved
[    0.000000] BIOS-e820: [gap 0x00000000fed04000-0x00000000fed1bfff]
[    0.000000] BIOS-e820: [mem 0x00000000fed1c000-0x00000000fed1ffff]  device reserved
[    0.000000] BIOS-e820: [gap 0x00000000fed20000-0x00000000fedfffff]
[    0.000000] BIOS-e820: [mem 0x00000000fee00000-0x00000000fee00fff]  device reserved
[    0.000000] BIOS-e820: [gap 0x00000000fee01000-0x00000000feffffff]
[    0.000000] BIOS-e820: [mem 0x00000000ff000000-0x00000000ffffffff]  device reserved
[    0.000000] BIOS-e820: [mem 0x0000000100000000-0x000000041fdfffff]  System RAM
[    0.000000] NX (Execute Disable) protection: active
[    0.000000] APIC: Static calls initialized
[    0.000000] SMBIOS 2.7 present.
[    0.000000] DMI: ASUS All Series/H81M-K, BIOS 3604 03/15/2021
[    0.000000] DMI: Memory slots populated: 2/2
[    0.000000] tsc: Fast TSC calibration using PIT
[    0.000000] tsc: Detected 3292.373 MHz processor
[    0.000700] e820: update [mem 0x00000000-0x00000fff] System RAM ==> device reserved
[    0.000703] e820: remove [mem 0x000a0000-0x000fffff] System RAM
[    0.000710] last_pfn = 0x41fe00 max_arch_pfn = 0x400000000
[    0.000715] MTRR map: 9 entries (5 fixed + 4 variable; max 25), built from 10 variable MTRRs
[    0.000716] x86/PAT: Configuration [0-7]: WB  WC  UC- UC  WB  WP  UC- WT  
[    0.000946] e820: update [mem 0xdb000000-0xffffffff] System RAM ==> device reserved
[    0.000949] last_pfn = 0xda000 max_arch_pfn = 0x400000000
[    0.007795] found SMP MP-table at [mem 0x000fd760-0x000fd76f]
[    0.007809] Using GB pages for direct mapping
[    0.007975] RAMDISK: [mem 0x32ed9000-0x35763fff]
[    0.007980] ACPI: Early table checksum verification disabled
[    0.007982] ACPI: RSDP 0x00000000000F0490 000024 (v02 ALASKA)
[    0.007985] ACPI: XSDT 0x0000000078810088 000084 (v01 ALASKA A M I    01072009 AMI  00010013)
[    0.007990] ACPI: FACP 0x000000007881E548 00010C (v05 ALASKA A M I    01072009 AMI  00010013)
[    0.007994] ACPI: DSDT 0x00000000788101A0 00E3A3 (v02 ALASKA A M I    00000031 INTL 20091112)
[    0.007997] ACPI: FACS 0x00000000D8B08080 000040
[    0.008000] ACPI: APIC 0x000000007881E658 000072 (v03 ALASKA A M I    01072009 AMI  00010013)
[    0.008002] ACPI: FPDT 0x000000007881E6D0 000044 (v01 ALASKA A M I    01072009 AMI  00010013)
[    0.008005] ACPI: LPIT 0x000000007881E718 00005C (v01 ALASKA A M I    00000000 AMI. 00000005)
[    0.008007] ACPI: SSDT 0x000000007881E778 000539 (v01 PmRef  Cpu0Ist  00003000 INTL 20091112)
[    0.008010] ACPI: SSDT 0x000000007881ECB8 000AD8 (v01 PmRef  CpuPm    00003000 INTL 20091112)
[    0.008013] ACPI: MCFG 0x000000007881F790 00003C (v01 ALASKA A M I    01072009 MSFT 00000097)
[    0.008015] ACPI: HPET 0x000000007881F7D0 000038 (v01 ALASKA A M I    01072009 AMI. 00000005)
[    0.008018] ACPI: SSDT 0x000000007881F808 00036D (v01 SataRe SataTabl 00001000 INTL 20091112)
[    0.008021] ACPI: SSDT 0x000000007881FB78 0034E1 (v01 SaSsdt SaSsdt   00003000 INTL 20091112)
[    0.008023] ACPI: BGRT 0x0000000078823170 000038 (v00 ALASKA A M I    01072009 AMI  00010013)
[    0.008026] ACPI: DMAR 0x00000000788230B8 0000B8 (v01 INTEL  HSW      00000001 INTL 00000001)
[    0.008028] ACPI: Reserving FACP table memory at [mem 0x7881e548-0x7881e653]
[    0.008029] ACPI: Reserving DSDT table memory at [mem 0x788101a0-0x7881e542]
[    0.008030] ACPI: Reserving FACS table memory at [mem 0xd8b08080-0xd8b080bf]
[    0.008031] ACPI: Reserving APIC table memory at [mem 0x7881e658-0x7881e6c9]
[    0.008031] ACPI: Reserving FPDT table memory at [mem 0x7881e6d0-0x7881e713]
[    0.008032] ACPI: Reserving LPIT table memory at [mem 0x7881e718-0x7881e773]
[    0.008033] ACPI: Reserving SSDT table memory at [mem 0x7881e778-0x7881ecb0]
[    0.008033] ACPI: Reserving SSDT table memory at [mem 0x7881ecb8-0x7881f78f]
[    0.008034] ACPI: Reserving MCFG table memory at [mem 0x7881f790-0x7881f7cb]
[    0.008034] ACPI: Reserving HPET table memory at [mem 0x7881f7d0-0x7881f807]
[    0.008035] ACPI: Reserving SSDT table memory at [mem 0x7881f808-0x7881fb74]
[    0.008036] ACPI: Reserving SSDT table memory at [mem 0x7881fb78-0x78823058]
[    0.008036] ACPI: Reserving BGRT table memory at [mem 0x78823170-0x788231a7]
[    0.008037] ACPI: Reserving DMAR table memory at [mem 0x788230b8-0x7882316f]
[    0.008085] No NUMA configuration found
[    0.008085] Faking a node at [mem 0x0000000000000000-0x000000041fdfffff]
[    0.008088] NODE_DATA(0) allocated [mem 0x41fdfa780-0x41fdffcff]
[    0.008108] Reserving Intel graphics memory at [mem 0xdb200000-0xdf1fffff]
[    0.008172] ACPI: PM-Timer IO Port: 0x1808
[    0.008178] ACPI: LAPIC_NMI (acpi_id[0xff] high edge lint[0x1])
[    0.008186] IOAPIC[0]: apic_id 8, version 32, address 0xfec00000, GSI 0-23
[    0.008189] ACPI: INT_SRC_OVR (bus 0 bus_irq 0 global_irq 2 dfl dfl)
[    0.008191] ACPI: INT_SRC_OVR (bus 0 bus_irq 9 global_irq 9 high level)
[    0.008194] ACPI: Using ACPI (MADT) for SMP configuration information
[    0.008195] ACPI: HPET id: 0x8086a701 base: 0xfed00000
[    0.008198] TSC deadline timer available
[    0.008201] CPU topo: Max. logical packages:   1
[    0.008202] CPU topo: Max. logical nodes:      1
[    0.008202] CPU topo: Num. nodes per package:  1
[    0.008204] CPU topo: Max. logical dies:       1
[    0.008205] CPU topo: Max. dies per package:   1
[    0.008209] CPU topo: Max. threads per core:   1
[    0.008210] CPU topo: Num. cores per package:     4
[    0.008211] CPU topo: Num. threads per package:   4
[    0.008211] CPU topo: Allowing 4 present CPUs plus 0 hotplug CPUs
[    0.008225] PM: hibernation: Registered nosave memory: [mem 0x00000000-0x00000fff]
[    0.008227] PM: hibernation: Registered nosave memory: [mem 0x0009d000-0x000fffff]
[    0.008228] PM: hibernation: Registered nosave memory: [mem 0x5f273000-0x5f279fff]
[    0.008230] PM: hibernation: Registered nosave memory: [mem 0x5f6d0000-0x5fb07fff]
[    0.008231] PM: hibernation: Registered nosave memory: [mem 0x7876c000-0xd9ffefff]
[    0.008232] PM: hibernation: Registered nosave memory: [mem 0xda000000-0xffffffff]
[    0.008234] [gap 0xdf200000-0xf7ffffff] available for PCI devices
[    0.008235] Booting paravirtualized kernel on bare hardware
[    0.008237] clocksource: refined-jiffies: mask: 0xffffffff max_cycles: 0xffffffff, max_idle_ns: 1910969940391419 ns
[    0.013454] Zone ranges:
[    0.013455]   DMA      [mem 0x0000000000001000-0x0000000000ffffff]
[    0.013457]   DMA32    [mem 0x0000000001000000-0x00000000ffffffff]
[    0.013458]   Normal   [mem 0x0000000100000000-0x000000041fdfffff]
[    0.013459]   Device   empty
[    0.013460] Movable zone start for each node
[    0.013461] Early memory node ranges
[    0.013461]   node   0: [mem 0x0000000000001000-0x000000000009cfff]
[    0.013462]   node   0: [mem 0x0000000000100000-0x000000005f272fff]
[    0.013463]   node   0: [mem 0x000000005f27a000-0x000000005f6cffff]
[    0.013464]   node   0: [mem 0x000000005fb08000-0x000000007876bfff]
[    0.013465]   node   0: [mem 0x00000000d9fff000-0x00000000d9ffffff]
[    0.013465]   node   0: [mem 0x0000000100000000-0x000000041fdfffff]
[    0.013468] Initmem setup node 0 [mem 0x0000000000001000-0x000000041fdfffff]
[    0.013472] On node 0, zone DMA: 1 pages in unavailable ranges
[    0.013491] On node 0, zone DMA: 99 pages in unavailable ranges
[    0.015802] On node 0, zone DMA32: 7 pages in unavailable ranges
[    0.016447] On node 0, zone DMA32: 1080 pages in unavailable ranges
[    0.016733] On node 0, zone DMA32: 39059 pages in unavailable ranges
[    0.037457] On node 0, zone Normal: 24576 pages in unavailable ranges
[    0.037465] On node 0, zone Normal: 512 pages in unavailable ranges
[    0.037471] setup_percpu: NR_CPUS:384 nr_cpumask_bits:4 nr_cpu_ids:4 nr_node_ids:1
[    0.037763] percpu: Embedded 99 pages/cpu s282624 r8192 d114688 u524288
[    0.037768] pcpu-alloc: s282624 r8192 d114688 u524288 alloc=1*2097152
[    0.037770] pcpu-alloc: [0] 0 1 2 3 
[    0.037786] Kernel command line: BOOT_IMAGE=(hd0,msdos1)/nix/store/l04h229yn4wjqs4n0sw74xq2f12266lz-linux-7.0.1/bzImage init=/nix/store/x7q9sg54w08s75bkl8yszfd32yfcpyq6-nixos-system-server-26.05.20260427.6368eda/init pcie_aspm=force ahci.mobile_lpm_policy=3 i915.enable_fbc=1 i915.enable_guc=2 root=fstab loglevel=4 lsm=landlock,yama,bpf
[    0.037814] PCIe ASPM is forcibly enabled
[    0.037892] random: crng init done
[    0.037892] printk: log buffer data + meta data: 262144 + 1114112 = 1376256 bytes
[    0.039514] Dentry cache hash table entries: 2097152 (order: 12, 16777216 bytes, linear)
[    0.040354] Inode-cache hash table entries: 1048576 (order: 11, 8388608 bytes, linear)
[    0.040429] software IO TLB: area num 4.
[    0.053892] Fallback order for Node 0: 0 
[    0.053897] Built 1 zonelists, mobility grouping on.  Total pages: 3768522
[    0.053898] Policy zone: Normal
[    0.054140] mem auto-init: stack:all(zero), heap alloc:on, heap free:off
[    0.089250] SLUB: HWalign=64, Order=0-3, MinObjects=0, CPUs=4, Nodes=1
[    0.092566] allocated 30670848 bytes of page_ext
[    0.092575] Kernel/User page tables isolation: enabled
[    0.100173] ftrace: allocating 49153 entries in 194 pages
[    0.100174] ftrace: allocated 194 pages with 3 groups
[    0.100674] Dynamic Preempt: lazy
[    0.100746] rcu: Preemptible hierarchical RCU implementation.
[    0.100747] rcu: 	RCU event tracing is enabled.
[    0.100748] rcu: 	RCU restricting CPUs from NR_CPUS=384 to nr_cpu_ids=4.
[    0.100749] 	Trampoline variant of Tasks RCU enabled.
[    0.100750] 	Rude variant of Tasks RCU enabled.
[    0.100750] 	Tracing variant of Tasks RCU enabled.
[    0.100751] rcu: RCU calculated value of scheduler-enlistment delay is 100 jiffies.
[    0.100751] rcu: Adjusting geometry for rcu_fanout_leaf=16, nr_cpu_ids=4
[    0.100760] RCU Tasks: Setting shift to 2 and lim to 1 rcu_task_cb_adjust=1 rcu_task_cpu_ids=4.
[    0.100762] RCU Tasks Rude: Setting shift to 2 and lim to 1 rcu_task_cb_adjust=1 rcu_task_cpu_ids=4.
[    0.105527] NR_IRQS: 24832, nr_irqs: 456, preallocated irqs: 16
[    0.105739] rcu: srcu_init: Setting srcu_struct sizes based on contention.
[    0.105875] kfence: initialized - using 2097152 bytes for 255 objects at 0x(____ptrval____)-0x(____ptrval____)
[    0.107118] Console: colour VGA+ 80x25
[    0.107121] printk: legacy console [tty0] enabled
[    0.107165] ACPI: Core revision 20251212
[    0.107266] clocksource: hpet: mask: 0xffffffff max_cycles: 0xffffffff, max_idle_ns: 133484882848 ns
[    0.107278] APIC: Switch to symmetric I/O mode setup
[    0.107280] DMAR: Host address width 39
[    0.107281] DMAR: DRHD base: 0x000000fed90000 flags: 0x0
[    0.107296] DMAR: dmar0: reg_base_addr fed90000 ver 1:0 cap c0000020660462 ecap f0101a
[    0.107298] DMAR: DRHD base: 0x000000fed91000 flags: 0x1
[    0.107301] DMAR: dmar1: reg_base_addr fed91000 ver 1:0 cap d2008020660462 ecap f010da
[    0.107302] DMAR: RMRR base: 0x000000d9e6f000 end: 0x000000d9e7dfff
[    0.107305] DMAR: RMRR base: 0x000000db000000 end: 0x000000df1fffff
[    0.107307] DMAR-IR: IOAPIC id 8 under DRHD base  0xfed91000 IOMMU 1
[    0.107308] DMAR-IR: HPET id 0 under DRHD base 0xfed91000
[    0.107310] DMAR-IR: Queued invalidation will be enabled to support x2apic and Intr-remapping.
[    0.107833] DMAR-IR: Enabled IRQ remapping in x2apic mode
[    0.107834] x2apic enabled
[    0.107888] APIC: Switched APIC routing to: cluster x2apic
[    0.108292] ..TIMER: vector=0x30 apic1=0 pin1=2 apic2=-1 pin2=-1
[    0.113283] clocksource: tsc-early: mask: 0xffffffffffffffff max_cycles: 0x2f752758a09, max_idle_ns: 440795205628 ns
[    0.113287] Calibrating delay loop (skipped), value calculated using timer frequency.. 6584.74 BogoMIPS (lpj=3292373)
[    0.113310] CPU0: Thermal monitoring enabled (TM1)
[    0.113344] Last level iTLB entries: 4KB 1024, 2MB 1024, 4MB 1024
[    0.113345] Last level dTLB entries: 4KB 1024, 2MB 1024, 4MB 1024, 1GB 4
[    0.113348] process: using mwait in idle threads
[    0.113349] mitigations: Enabled attack vectors: user_kernel, user_user, guest_host, guest_guest, SMT mitigations: auto
[    0.113354] Speculative Store Bypass: Mitigation: Speculative Store Bypass disabled via prctl
[    0.113355] SRBDS: Mitigation: Microcode
[    0.113356] Spectre V2 : Mitigation: Retpolines
[    0.113357] MDS: Mitigation: Clear CPU buffers
[    0.113358] VMSCAPE: Mitigation: IBPB before exit to userspace
[    0.113359] Spectre V1 : Mitigation: usercopy/swapgs barriers and __user pointer sanitization
[    0.113360] Spectre V2 : Spectre v2 / SpectreRSB: Filling RSB on context switch and VMEXIT
[    0.113361] Spectre V2 : Enabling Restricted Speculation for firmware calls
[    0.113362] Spectre V2 : mitigation: Enabling conditional Indirect Branch Prediction Barrier
[    0.113368] x86/fpu: Supporting XSAVE feature 0x001: 'x87 floating point registers'
[    0.113369] x86/fpu: Supporting XSAVE feature 0x002: 'SSE registers'
[    0.113370] x86/fpu: Supporting XSAVE feature 0x004: 'AVX registers'
[    0.113371] x86/fpu: xstate_offset[2]:  576, xstate_sizes[2]:  256
[    0.113373] x86/fpu: Enabled xstate features 0x7, context size is 832 bytes, using 'standard' format.
[    0.131324] Freeing SMP alternatives memory: 44K
[    0.131329] pid_max: default: 32768 minimum: 301
[    0.131455] landlock: Up and running.
[    0.131456] Yama: becoming mindful.
[    0.131599] LSM support for eBPF active
[    0.131652] Mount-cache hash table entries: 32768 (order: 6, 262144 bytes, linear)
[    0.131668] Mountpoint-cache hash table entries: 32768 (order: 6, 262144 bytes, linear)
[    0.131754] VFS: Finished mounting rootfs on nullfs
[    0.132163] smpboot: CPU0: Intel(R) Core(TM) i5-4590 CPU @ 3.30GHz (family: 0x6, model: 0x3c, stepping: 0x3)
[    0.132285] Performance Events: PEBS fmt2+, Haswell events, 16-deep LBR, full-width counters, Intel PMU driver.
[    0.132285] ... version:                   3
[    0.132285] ... bit width:                 48
[    0.132285] ... generic counters:          8
[    0.132285] ... generic bitmap:            00000000000000ff
[    0.132285] ... fixed-purpose counters:    3
[    0.132285] ... fixed-purpose bitmap:      0000000000000007
[    0.132285] ... value mask:                0000ffffffffffff
[    0.132285] ... max period:                00007fffffffffff
[    0.132285] ... global_ctrl mask:          00000007000000ff
[    0.132285] signal: max sigframe size: 1776
[    0.132285] Estimated ratio of average max frequency by base frequency (times 1024): 1024
[    0.133400] rcu: Hierarchical SRCU implementation.
[    0.133403] rcu: 	Max phase no-delay instances is 400.
[    0.133448] Timer migration: 1 hierarchy levels; 8 children per group; 1 crossnode level
[    0.133937] NMI watchdog: Enabled. Permanently consumes one hw-PMU counter.
[    0.133997] smp: Bringing up secondary CPUs ...
[    0.134087] smpboot: x86: Booting SMP configuration:
[    0.134088] .... node  #0, CPUs:      #1 #2 #3
[    0.135411] smp: Brought up 1 node, 4 CPUs
[    0.135411] smpboot: Total of 4 processors activated (26338.98 BogoMIPS)
[    0.136365] Memory: 14603048K/15074088K available (17418K kernel code, 2927K rwdata, 13764K rodata, 3692K init, 4672K bss, 425872K reserved, 0K cma-reserved)
[    0.136749] devtmpfs: initialized
[    0.136749] x86/mm: Memory block size: 128MB
[    0.138161] ACPI: PM: Registering ACPI NVS region [mem 0x5f273000-0x5f279fff] (28672 bytes)
[    0.138161] ACPI: PM: Registering ACPI NVS region [mem 0x78824000-0xd8b09fff] (1613651968 bytes)
[    0.156018] clocksource: jiffies: mask: 0xffffffff max_cycles: 0xffffffff, max_idle_ns: 1911260446275000 ns
[    0.156018] posixtimers hash table entries: 2048 (order: 3, 32768 bytes, linear)
[    0.156018] futex hash table entries: 1024 (65536 bytes on 1 NUMA nodes, total 64 KiB, linear).
[    0.156337] PM: RTC time: 07:55:46, date: 2026-04-29
[    0.156748] NET: Registered PF_NETLINK/PF_ROUTE protocol family
[    0.156978] DMA: preallocated 2048 KiB GFP_KERNEL pool for atomic allocations
[    0.157085] DMA: preallocated 2048 KiB GFP_KERNEL|GFP_DMA pool for atomic allocations
[    0.157195] DMA: preallocated 2048 KiB GFP_KERNEL|GFP_DMA32 pool for atomic allocations
[    0.157209] audit: initializing netlink subsys (disabled)
[    0.157224] audit: type=2000 audit(1777449346.048:1): state=initialized audit_enabled=0 res=1
[    0.157374] thermal_sys: Registered thermal governor 'fair_share'
[    0.157375] thermal_sys: Registered thermal governor 'bang_bang'
[    0.157376] thermal_sys: Registered thermal governor 'step_wise'
[    0.157377] thermal_sys: Registered thermal governor 'user_space'
[    0.157378] thermal_sys: Registered thermal governor 'power_allocator'
[    0.157386] cpuidle: using governor menu
[    0.157386] ACPI FADT declares the system doesn't support PCIe ASPM, so disable it
[    0.157386] acpiphp: ACPI Hot Plug PCI Controller Driver version: 0.5
[    0.157427] PCI: ECAM [mem 0xf8000000-0xfbffffff] (base 0xf8000000) for domain 0000 [bus 00-3f]
[    0.157438] PCI: Using configuration type 1 for base access
[    0.157510] core: PMU erratum BJ122, BV98, HSD29 workaround disabled, HT off
[    0.157533] kprobes: kprobe jump-optimization is enabled. All kprobes are optimized if possible.
[    0.157533] HugeTLB: registered 1.00 GiB page size, pre-allocated 0 pages
[    0.157533] HugeTLB: 16380 KiB vmemmap can be freed for a 1.00 GiB page
[    0.157533] HugeTLB: registered 2.00 MiB page size, pre-allocated 0 pages
[    0.157533] HugeTLB: 28 KiB vmemmap can be freed for a 2.00 MiB page
[    0.158564] ACPI: Added _OSI(Module Device)
[    0.158566] ACPI: Added _OSI(Processor Device)
[    0.158567] ACPI: Added _OSI(Processor Aggregator Device)
[    0.167726] ACPI: 5 ACPI AML tables successfully acquired and loaded
[    0.168704] ACPI: [Firmware Bug]: BIOS _OSI(Linux) query ignored
[    0.171299] ACPI: \_SB_: platform _OSC: OS support mask [002e7eff]
[    0.171438] ACPI: \_SB_: platform _OSC: OS control mask [0000001b]
[    0.171701] ACPI: Dynamic OEM Table Load:
[    0.171707] ACPI: SSDT 0xFFFF8CFAC2E83400 0003D3 (v01 PmRef  Cpu0Cst  00003001 INTL 20091112)
[    0.172278] ACPI: Dynamic OEM Table Load:
[    0.172278] ACPI: SSDT 0xFFFF8CFAC5F10800 0005AA (v01 PmRef  ApIst    00003000 INTL 20091112)
[    0.172278] ACPI: Dynamic OEM Table Load:
[    0.172278] ACPI: SSDT 0xFFFF8CFAC2D4C000 000119 (v01 PmRef  ApCst    00003000 INTL 20091112)
[    0.173159] ACPI: Interpreter enabled
[    0.173187] ACPI: PM: (supports S0 S3 S4 S5)
[    0.173188] ACPI: Using IOAPIC for interrupt routing
[    0.173229] PCI: Using host bridge windows from ACPI; if necessary, use "pci=nocrs" and report a bug
[    0.173230] PCI: Using E820 reservations for host bridge windows
[    0.173449] ACPI: Enabled 9 GPEs in block 00 to 3F
[    0.184102] ACPI: \_TZ_.FN00: New power resource
[    0.184173] ACPI: \_TZ_.FN01: New power resource
[    0.184232] ACPI: \_TZ_.FN02: New power resource
[    0.184296] ACPI: \_TZ_.FN03: New power resource
[    0.184357] ACPI: \_TZ_.FN04: New power resource
[    0.185066] ACPI: PCI Root Bridge [PCI0] (domain 0000 [bus 00-3e])
[    0.185072] acpi PNP0A08:00: _OSC: OS supports [ExtendedConfig ASPM ClockPM Segments MSI HPX-Type3]
[    0.185527] acpi PNP0A08:00: _OSC: OS now controls [PCIeHotplug PME PCIeCapability LTR]
[    0.185528] acpi PNP0A08:00: FADT indicates ASPM is unsupported, using BIOS configuration
[    0.185956] PCI host bridge to bus 0000:00
[    0.185959] pci_bus 0000:00: root bus resource [io  0x0000-0x0cf7 window]
[    0.185961] pci_bus 0000:00: root bus resource [io  0x0d00-0xffff window]
[    0.185963] pci_bus 0000:00: root bus resource [mem 0x000a0000-0x000bffff window]
[    0.185964] pci_bus 0000:00: root bus resource [mem 0x000d0000-0x000e7fff window]
[    0.185966] pci_bus 0000:00: root bus resource [mem 0xdf200000-0xfeafffff window]
[    0.185967] pci_bus 0000:00: root bus resource [bus 00-3e]
[    0.185980] pci 0000:00:00.0: [8086:0c00] type 00 class 0x060000 conventional PCI endpoint
[    0.186044] pci 0000:00:01.0: [8086:0c01] type 01 class 0x060400 PCIe Root Port
[    0.186053] pci 0000:00:01.0: PCI bridge to [bus 01]
[    0.186078] pci 0000:00:01.0: PME# supported from D0 D3hot D3cold
[    0.186349] pci 0000:00:02.0: [8086:0412] type 00 class 0x030000 conventional PCI endpoint
[    0.186362] pci 0000:00:02.0: BAR 0 [mem 0xf7800000-0xf7bfffff 64bit]
[    0.186365] pci 0000:00:02.0: BAR 2 [mem 0xe0000000-0xefffffff 64bit pref]
[    0.186366] pci 0000:00:02.0: BAR 4 [io  0xf000-0xf03f]
[    0.186374] pci 0000:00:02.0: Video device with shadowed ROM at [mem 0x000c0000-0x000dffff]
[    0.186467] pci 0000:00:14.0: [8086:8c31] type 00 class 0x0c0330 conventional PCI endpoint
[    0.186498] pci 0000:00:14.0: BAR 0 [mem 0xf7d00000-0xf7d0ffff 64bit]
[    0.186526] pci 0000:00:14.0: PME# supported from D3hot D3cold
[    0.186617] pci 0000:00:16.0: [8086:8c3a] type 00 class 0x078000 conventional PCI endpoint
[    0.186650] pci 0000:00:16.0: BAR 0 [mem 0xf7d16000-0xf7d1600f 64bit]
[    0.186679] pci 0000:00:16.0: PME# supported from D0 D3hot D3cold
[    0.186733] pci 0000:00:1a.0: [8086:8c2d] type 00 class 0x0c0320 conventional PCI endpoint
[    0.186770] pci 0000:00:1a.0: BAR 0 [mem 0xf7d14000-0xf7d143ff]
[    0.186808] pci 0000:00:1a.0: PME# supported from D0 D3hot D3cold
[    0.186881] pci 0000:00:1c.0: [8086:8c10] type 01 class 0x060400 PCIe Root Port
[    0.186900] pci 0000:00:1c.0: PCI bridge to [bus 02]
[    0.186954] pci 0000:00:1c.0: PME# supported from D0 D3hot D3cold
[    0.187197] pci 0000:00:1c.2: [8086:8c14] type 01 class 0x060400 PCIe Root Port
[    0.187217] pci 0000:00:1c.2: PCI bridge to [bus 03]
[    0.187221] pci 0000:00:1c.2:   bridge window [io  0xe000-0xefff]
[    0.187223] pci 0000:00:1c.2:   bridge window [mem 0xf7c00000-0xf7cfffff]
[    0.187231] pci 0000:00:1c.2:   bridge window [mem 0xf0000000-0xf00fffff 64bit pref]
[    0.187275] pci 0000:00:1c.2: PME# supported from D0 D3hot D3cold
[    0.187529] pci 0000:00:1d.0: [8086:8c26] type 00 class 0x0c0320 conventional PCI endpoint
[    0.187567] pci 0000:00:1d.0: BAR 0 [mem 0xf7d13000-0xf7d133ff]
[    0.187606] pci 0000:00:1d.0: PME# supported from D0 D3hot D3cold
[    0.187683] pci 0000:00:1f.0: [8086:8c5c] type 00 class 0x060100 conventional PCI endpoint
[    0.187826] pci 0000:00:1f.2: [8086:8c02] type 00 class 0x010601 conventional PCI endpoint
[    0.187852] pci 0000:00:1f.2: BAR 0 [io  0xf0b0-0xf0b7]
[    0.187855] pci 0000:00:1f.2: BAR 1 [io  0xf0a0-0xf0a3]
[    0.187857] pci 0000:00:1f.2: BAR 2 [io  0xf090-0xf097]
[    0.187859] pci 0000:00:1f.2: BAR 3 [io  0xf080-0xf083]
[    0.187861] pci 0000:00:1f.2: BAR 4 [io  0xf060-0xf07f]
[    0.187863] pci 0000:00:1f.2: BAR 5 [mem 0xf7d12000-0xf7d127ff]
[    0.187888] pci 0000:00:1f.2: PME# supported from D3hot
[    0.187959] pci 0000:00:1f.3: [8086:8c22] type 00 class 0x0c0500 conventional PCI endpoint
[    0.187989] pci 0000:00:1f.3: BAR 0 [mem 0xf7d11000-0xf7d110ff 64bit]
[    0.187993] pci 0000:00:1f.3: BAR 4 [io  0xf040-0xf05f]
[    0.188068] pci 0000:00:01.0: PCI bridge to [bus 01]
[    0.188111] pci 0000:00:1c.0: PCI bridge to [bus 02]
[    0.188186] pci 0000:03:00.0: [10ec:8168] type 00 class 0x020000 PCIe Endpoint
[    0.188239] pci 0000:03:00.0: BAR 0 [io  0xe000-0xe0ff]
[    0.188245] pci 0000:03:00.0: BAR 2 [mem 0xf7c00000-0xf7c00fff 64bit]
[    0.188249] pci 0000:03:00.0: BAR 4 [mem 0xf0000000-0xf0003fff 64bit pref]
[    0.188348] pci 0000:03:00.0: supports D1 D2
[    0.188349] pci 0000:03:00.0: PME# supported from D0 D1 D2 D3hot D3cold
[    0.188493] pci 0000:00:1c.2: PCI bridge to [bus 03]
[    0.189401] ACPI: PCI: Interrupt link LNKA configured for IRQ 11
[    0.189444] ACPI: PCI: Interrupt link LNKB configured for IRQ 0
[    0.189445] ACPI: PCI: Interrupt link LNKB disabled
[    0.189487] ACPI: PCI: Interrupt link LNKC configured for IRQ 3
[    0.189527] ACPI: PCI: Interrupt link LNKD configured for IRQ 15
[    0.189567] ACPI: PCI: Interrupt link LNKE configured for IRQ 5
[    0.189607] ACPI: PCI: Interrupt link LNKF configured for IRQ 10
[    0.189646] ACPI: PCI: Interrupt link LNKG configured for IRQ 0
[    0.189647] ACPI: PCI: Interrupt link LNKG disabled
[    0.189686] ACPI: PCI: Interrupt link LNKH configured for IRQ 7
[    0.190159] iommu: Default domain type: Translated
[    0.190159] iommu: DMA domain TLB invalidation policy: lazy mode
[    0.190159] ACPI: bus type USB registered
[    0.190159] usbcore: registered new interface driver usbfs
[    0.190293] usbcore: registered new interface driver hub
[    0.190298] usbcore: registered new device driver usb
[    0.190510] NetLabel: Initializing
[    0.190512] NetLabel:  domain hash size = 128
[    0.190513] NetLabel:  protocols = UNLABELED CIPSOv4 CALIPSO
[    0.190529] NetLabel:  unlabeled traffic allowed by default
[    0.190532] PCI: Using ACPI for IRQ routing
[    0.191784] PCI: pci_cache_line_size set to 64 bytes
[    0.191809] e820: register RAM buffer resource [mem 0x0009d800-0x0009ffff]
[    0.191811] e820: register RAM buffer resource [mem 0x5f273000-0x5fffffff]
[    0.191813] e820: register RAM buffer resource [mem 0x5f6d0000-0x5fffffff]
[    0.191814] e820: register RAM buffer resource [mem 0x7876c000-0x7bffffff]
[    0.191815] e820: register RAM buffer resource [mem 0xda000000-0xdbffffff]
[    0.191816] e820: register RAM buffer resource [mem 0x41fe00000-0x41fffffff]
[    0.191838] pci 0000:00:02.0: vgaarb: setting as boot VGA device
[    0.191838] pci 0000:00:02.0: vgaarb: bridge control possible
[    0.191838] pci 0000:00:02.0: vgaarb: VGA device added: decodes=io+mem,owns=io+mem,locks=none
[    0.191838] vgaarb: loaded
[    0.191838] hpet0: at MMIO 0xfed00000, IRQs 2, 8, 0, 0, 0, 0, 0, 0
[    0.191838] hpet0: 8 comparators, 64-bit 14.318180 MHz counter
[    0.193325] clocksource: Switched to clocksource tsc-early
[    0.193469] VFS: Disk quotas dquot_6.6.0
[    0.193480] VFS: Dquot-cache hash table entries: 512 (order 0, 4096 bytes)
[    0.193601] acpi PNP0C01:00: Reserved [mem 0xfed40000-0xfed44fff]
[    0.193688] acpi PNP0C02:00: Skipped [io  0x002e-0x002f]
[    0.193690] acpi PNP0C02:00: Skipped [io  0x004e-0x004f]
[    0.193691] acpi PNP0C02:00: Skipped [io  0x0061]
[    0.193692] acpi PNP0C02:00: Skipped [io  0x0063]
[    0.193693] acpi PNP0C02:00: Skipped [io  0x0065]
[    0.193694] acpi PNP0C02:00: Skipped [io  0x0067]
[    0.193695] acpi PNP0C02:00: Skipped [io  0x0070]
[    0.193696] acpi PNP0C02:00: Skipped [io  0x0080]
[    0.193696] acpi PNP0C02:00: Skipped [io  0x0092]
[    0.193697] acpi PNP0C02:00: Skipped [io  0x00b2-0x00b3]
[    0.193699] acpi PNP0C02:00: Reserved [io  0x0680-0x069f]
[    0.193700] acpi PNP0C02:00: Reserved [io  0xffff]
[    0.193701] acpi PNP0C02:00: Reserved [io  0xffff]
[    0.193702] acpi PNP0C02:00: Reserved [io  0xffff]
[    0.193704] acpi PNP0C02:00: Reserved [io  0x1c00-0x1cfe]
[    0.193705] acpi PNP0C02:00: Reserved [io  0x1d00-0x1dfe]
[    0.193706] acpi PNP0C02:00: Reserved [io  0x1e00-0x1efe]
[    0.193707] acpi PNP0C02:00: Reserved [io  0x1f00-0x1ffe]
[    0.193708] acpi PNP0C02:00: Could not reserve [io  0x1800-0x18fe]
[    0.193709] acpi PNP0C02:00: Reserved [io  0x164e-0x164f]
[    0.193787] acpi PNP0C02:01: Reserved [io  0x0a00-0x0a1f]
[    0.193788] acpi PNP0C02:01: Reserved [io  0x0290-0x029f]
[    0.193804] acpi PNP0C02:02: Skipped [io  0x0010-0x001f]
[    0.193805] acpi PNP0C02:02: Skipped [io  0x0022-0x003f]
[    0.193806] acpi PNP0C02:02: Skipped [io  0x0044-0x005f]
[    0.193807] acpi PNP0C02:02: Skipped [io  0x0062-0x0063]
[    0.193808] acpi PNP0C02:02: Skipped [io  0x0065-0x006f]
[    0.193809] acpi PNP0C02:02: Skipped [io  0x0072-0x007f]
[    0.193810] acpi PNP0C02:02: Skipped [io  0x0080]
[    0.193811] acpi PNP0C02:02: Skipped [io  0x0084-0x0086]
[    0.193812] acpi PNP0C02:02: Skipped [io  0x0088]
[    0.193813] acpi PNP0C02:02: Skipped [io  0x008c-0x008e]
[    0.193814] acpi PNP0C02:02: Skipped [io  0x0090-0x009f]
[    0.193815] acpi PNP0C02:02: Skipped [io  0x00a2-0x00bf]
[    0.193816] acpi PNP0C02:02: Skipped [io  0x00e0-0x00ef]
[    0.193817] acpi PNP0C02:02: Reserved [io  0x04d0-0x04d1]
[    0.193903] acpi PNP0C02:03: Reserved [mem 0xfed1c000-0xfed1ffff]
[    0.193905] acpi PNP0C02:03: Reserved [mem 0xfed10000-0xfed17fff]
[    0.193906] acpi PNP0C02:03: Reserved [mem 0xfed18000-0xfed18fff]
[    0.193908] acpi PNP0C02:03: Reserved [mem 0xfed19000-0xfed19fff]
[    0.193910] acpi PNP0C02:03: Reserved [mem 0xf8000000-0xfbffffff]
[    0.193911] acpi PNP0C02:03: Reserved [mem 0xfed20000-0xfed3ffff]
[    0.193913] acpi PNP0C02:03: Could not reserve [mem 0xfed90000-0xfed93fff]
[    0.193914] acpi PNP0C02:03: Reserved [mem 0xfed45000-0xfed8ffff]
[    0.193916] acpi PNP0C02:03: Reserved [mem 0xff000000-0xffffffff]
[    0.193917] acpi PNP0C02:03: Could not reserve [mem 0xfee00000-0xfeefffff]
[    0.193919] acpi PNP0C02:03: Reserved [mem 0xf7fdf000-0xf7fdffff]
[    0.193920] acpi PNP0C02:03: Reserved [mem 0xf7fe0000-0xf7feffff]
[    0.193943] pnp: PnP ACPI init
[    0.194485] pnp: PnP ACPI: found 1 devices
[    0.200064] clocksource: acpi_pm: mask: 0xffffff max_cycles: 0xffffff, max_idle_ns: 2085701024 ns
[    0.200125] NET: Registered PF_INET protocol family
[    0.200252] IP idents hash table entries: 262144 (order: 9, 2097152 bytes, linear)
[    0.212805] tcp_listen_portaddr_hash hash table entries: 8192 (order: 5, 131072 bytes, linear)
[    0.212832] Table-perturb hash table entries: 65536 (order: 6, 262144 bytes, linear)
[    0.212888] TCP established hash table entries: 131072 (order: 8, 1048576 bytes, linear)
[    0.213095] TCP bind hash table entries: 65536 (order: 9, 2097152 bytes, linear)
[    0.213352] TCP: Hash tables configured (established 131072 bind 65536)
[    0.213428] MPTCP token hash table entries: 16384 (order: 7, 393216 bytes, linear)
[    0.213512] UDP hash table entries: 8192 (order: 7, 524288 bytes, linear)
[    0.213602] UDP-Lite hash table entries: 8192 (order: 7, 524288 bytes, linear)
[    0.213705] NET: Registered PF_UNIX/PF_LOCAL protocol family
[    0.213712] NET: Registered PF_XDP protocol family
[    0.213720] pci 0000:00:1c.0: bridge window [io  0x1000-0x0fff] to [bus 02] add_size 1000
[    0.213724] pci 0000:00:1c.0: bridge window [mem 0x00100000-0x000fffff 64bit pref] to [bus 02] add_size 200000 add_align 100000
[    0.213726] pci 0000:00:1c.0: bridge window [mem 0x00100000-0x000fffff] to [bus 02] add_size 200000 add_align 100000
[    0.213734] pci 0000:00:1c.0: bridge window [mem 0xdf200000-0xdf3fffff]: assigned
[    0.213737] pci 0000:00:1c.0: bridge window [mem 0xdf400000-0xdf5fffff 64bit pref]: assigned
[    0.213740] pci 0000:00:1c.0: bridge window [io  0x2000-0x2fff]: assigned
[    0.213742] pci 0000:00:01.0: PCI bridge to [bus 01]
[    0.213748] pci 0000:00:1c.0: PCI bridge to [bus 02]
[    0.213750] pci 0000:00:1c.0:   bridge window [io  0x2000-0x2fff]
[    0.213754] pci 0000:00:1c.0:   bridge window [mem 0xdf200000-0xdf3fffff]
[    0.213757] pci 0000:00:1c.0:   bridge window [mem 0xdf400000-0xdf5fffff 64bit pref]
[    0.213762] pci 0000:00:1c.2: PCI bridge to [bus 03]
[    0.213764] pci 0000:00:1c.2:   bridge window [io  0xe000-0xefff]
[    0.213768] pci 0000:00:1c.2:   bridge window [mem 0xf7c00000-0xf7cfffff]
[    0.213771] pci 0000:00:1c.2:   bridge window [mem 0xf0000000-0xf00fffff 64bit pref]
[    0.213776] pci_bus 0000:00: resource 4 [io  0x0000-0x0cf7 window]
[    0.213778] pci_bus 0000:00: resource 5 [io  0x0d00-0xffff window]
[    0.213779] pci_bus 0000:00: resource 6 [mem 0x000a0000-0x000bffff window]
[    0.213780] pci_bus 0000:00: resource 7 [mem 0x000d0000-0x000e7fff window]
[    0.213781] pci_bus 0000:00: resource 8 [mem 0xdf200000-0xfeafffff window]
[    0.213783] pci_bus 0000:02: resource 0 [io  0x2000-0x2fff]
[    0.213784] pci_bus 0000:02: resource 1 [mem 0xdf200000-0xdf3fffff]
[    0.213785] pci_bus 0000:02: resource 2 [mem 0xdf400000-0xdf5fffff 64bit pref]
[    0.213786] pci_bus 0000:03: resource 0 [io  0xe000-0xefff]
[    0.213787] pci_bus 0000:03: resource 1 [mem 0xf7c00000-0xf7cfffff]
[    0.213788] pci_bus 0000:03: resource 2 [mem 0xf0000000-0xf00fffff 64bit pref]
[    0.228694] pci 0000:00:1a.0: quirk_usb_early_handoff+0x0/0x7d0 took 14302 usecs
[    0.243702] pci 0000:00:1d.0: quirk_usb_early_handoff+0x0/0x7d0 took 14636 usecs
[    0.243723] PCI: CLS 64 bytes, default 64
[    0.243747] PCI-DMA: Using software bounce buffering for IO (SWIOTLB)
[    0.243749] software IO TLB: mapped [mem 0x000000007476c000-0x000000007876c000] (64MB)
[    0.243803] Trying to unpack rootfs image as initramfs...
[    0.244266] Initialise system trusted keyrings
[    0.244358] workingset: timestamp_bits=40 max_order=22 bucket_order=0
[    0.255936] Key type asymmetric registered
[    0.255940] Asymmetric key parser 'x509' registered
[    0.255984] Block layer SCSI generic (bsg) driver version 0.4 loaded (major 248)
[    0.256101] io scheduler mq-deadline registered
[    0.256104] io scheduler kyber registered
[    0.258898] pcieport 0000:00:01.0: PME: Signaling with IRQ 24
[    0.259068] pcieport 0000:00:1c.0: PME: Signaling with IRQ 25
[    0.259094] pcieport 0000:00:1c.0: pciehp: Slot #0 AttnBtn- PwrCtrl- MRL- AttnInd- PwrInd- HotPlug+ Surprise+ Interlock- NoCompl+ IbPresDis- LLActRep+
[    0.259352] pcieport 0000:00:1c.2: PME: Signaling with IRQ 26
[    0.259695] Monitor-Mwait will be used to enter C-1 state
[    0.259704] Monitor-Mwait will be used to enter C-2 state
[    0.260708] Serial: 8250/16550 driver, 4 ports, IRQ sharing enabled
[    0.261270] Linux agpgart interface v0.103
[    0.261343] ACPI: bus type drm_connector registered
[    0.262692] usbcore: registered new interface driver usbserial_generic
[    0.262697] usbserial: USB Serial support registered for generic
[    0.263564] intel_pstate: Intel P-state driver initializing
[    0.263948] drop_monitor: Initializing network drop monitor service
[    0.264312] NET: Registered PF_INET6 protocol family
[    0.264741] Segment Routing with IPv6
[    0.264749] In-situ OAM (IOAM) with IPv6
[    0.265644] ENERGY_PERF_BIAS: Set to 'normal', was 'performance'
[    0.266542] microcode: Current revision: 0x00000028
[    0.266544] microcode: Updated early from: 0x00000024
[    0.267576] IPI shorthand broadcast: enabled
[    0.269378] sched_clock: Marking stable (266001460, 2519514)->(270739356, -2218382)
[    0.269577] registered taskstats version 1
[    0.269767] Loading compiled-in X.509 certificates
[    0.273717] Demotion targets for Node 0: null
[    0.273847] Key type .fscrypt registered
[    0.273849] Key type fscrypt-provisioning registered
[    0.273912] ima: No TPM chip found, activating TPM-bypass!
[    0.273916] ima: Allocated hash algorithm: sha1
[    0.273934] ima: No architecture policies found
[    0.274018] PM:   Magic number: 6:798:926
[    0.274168] RAS: Correctable Errors collector initialized.
[    0.274366] clk: Disabling unused clocks
[    0.274368] PM: genpd: Disabling unused power domains
[    0.390325] Freeing initrd memory: 41516K
[    0.391891] Freeing unused decrypted memory: 2028K
[    0.392355] Freeing unused kernel image (initmem) memory: 3692K
[    0.392412] Write protecting the kernel read-only data: 32768k
[    0.392785] Freeing unused kernel image (text/rodata gap) memory: 1012K
[    0.392946] Freeing unused kernel image (rodata/data gap) memory: 572K
[    0.431963] x86/mm: Checked W+X mappings: passed, no W+X pages found.
[    0.431965] x86/mm: Checking user space page tables
[    0.469533] x86/mm: Checked W+X mappings: passed, no W+X pages found.
[    0.469544] Run /init as init process
[    0.469546]   with arguments:
[    0.469547]     /init
[    0.469548]   with environment:
[    0.469548]     HOME=/
[    0.469549]     TERM=linux
[    0.476197] systemd[1]: Inserted module 'autofs4'
[    0.488199] systemd[1]: Successfully made /usr/ read-only.
[    0.822367] systemd[1]: systemd 260.1 running in system mode (+PAM +AUDIT -SELINUX +APPARMOR +IMA +IPE +SMACK +SECCOMP +GCRYPT -GNUTLS +OPENSSL +ACL +BLKID +CURL +ELFUTILS +FIDO2 +IDN2 +KMOD +LIBCRYPTSETUP +LIBCRYPTSETUP_PLUGINS +LIBFDISK +PCRE2 +PWQUALITY +P11KIT +QRENCODE +TPM2 +BZIP2 +LZ4 +XZ +ZLIB +ZSTD +BPF_FRAMEWORK -BTF -XKBCOMMON +UTMP +LIBARCHIVE)
[    0.822375] systemd[1]: Detected architecture x86-64.
[    0.822377] systemd[1]: Running in initrd.
[    0.822736] systemd[1]: Initializing machine ID from random generator.
[    0.822806] systemd[1]: Hostname set to <server>.
[    0.858250] systemd[1]: Queued start job for default target Initrd Default Target.
[    0.904763] systemd[1]: Created slice Slice /system/modprobe.
[    0.904979] systemd[1]: Started Dispatch Password Requests to Console Directory Watch.
[    0.905104] systemd[1]: Expecting device /dev/disk/by-uuid/2f797433-55b0-4556-aacc-0a8f3207b91e...
[    0.905709] systemd[1]: Reached target Path Units.
[    0.905819] systemd[1]: Reached target Slice Units.
[    0.905928] systemd[1]: Reached target Swaps.
[    0.906037] systemd[1]: Reached target Timer Units.
[    0.906204] systemd[1]: Listening on D-Bus System Message Bus Socket.
[    0.906380] systemd[1]: Listening on Journal Socket (/dev/log).
[    0.906571] systemd[1]: Listening on Journal Sockets.
[    0.906747] systemd[1]: Listening on udev Control Socket.
[    0.906904] systemd[1]: Listening on udev Kernel Socket.
[    0.907029] systemd[1]: Reached target Socket Units.
[    0.908538] systemd[1]: Starting Create List of Static Device Nodes...
[    0.910045] systemd[1]: Starting Load Kernel Module configfs...
[    0.912156] systemd[1]: Starting Journal Service...
[    0.913804] systemd[1]: Starting Load Kernel Modules...
[    0.914587] systemd[1]: Early TPM SRK Setup skipped, unmet condition check ConditionSecurity=measured-uki
[    0.915974] systemd[1]: Starting Coldplug All udev Devices...
[    0.919062] systemd[1]: Finished Create List of Static Device Nodes.
[    0.919704] systemd[1]: modprobe@configfs.service: Deactivated successfully.
[    0.923445] systemd[1]: Finished Load Kernel Module configfs.
[    0.925376] systemd[1]: Kernel Configuration File System skipped, unmet condition check ConditionPathExists=/sys/kernel/config
[    0.926756] systemd[1]: Starting Create Static Device Nodes in /dev gracefully...
[    0.927183] systemd-journald[137]: Collecting audit messages is disabled.
[    0.931321] device-mapper: core: CONFIG_IMA_DISABLE_HTABLE is disabled. Duplicate IMA measurements will not be recorded in the IMA log.
[    0.931448] device-mapper: ioctl: 4.50.0-ioctl (2025-04-28) initialised: dm-devel@lists.linux.dev
[    0.939592] systemd[1]: Finished Load Kernel Modules.
[    0.941363] systemd[1]: Starting Apply Kernel Variables...
[    0.944067] systemd[1]: Finished Create Static Device Nodes in /dev gracefully.
[    0.945792] systemd[1]: Starting Create Static Device Nodes in /dev...
[    0.950676] systemd[1]: Finished Apply Kernel Variables.
[    0.954463] systemd[1]: Finished Create Static Device Nodes in /dev.
[    0.954685] systemd[1]: Reached target Preparation for Local File Systems.
[    0.954825] systemd[1]: Reached target Local File Systems.
[    0.956459] systemd[1]: Starting Rule-based Manager for Device Events and Files...
[    0.956680] systemd[1]: Started Journal Service.
[    1.103907] ehci-pci 0000:00:1a.0: EHCI Host Controller
[    1.103915] ehci-pci 0000:00:1a.0: new USB bus registered, assigned bus number 1
[    1.103926] ehci-pci 0000:00:1a.0: debug port 2
[    1.107862] ehci-pci 0000:00:1a.0: irq 20, io mem 0xf7d14000
[    1.113536] ehci-pci 0000:00:1a.0: USB 2.0 started, EHCI 1.00
[    1.114352] usb usb1: New USB device found, idVendor=1d6b, idProduct=0002, bcdDevice= 7.00
[    1.114355] usb usb1: New USB device strings: Mfr=3, Product=2, SerialNumber=1
[    1.114357] usb usb1: Product: EHCI Host Controller
[    1.114358] usb usb1: Manufacturer: Linux 7.0.1 ehci_hcd
[    1.114359] usb usb1: SerialNumber: 0000:00:1a.0
[    1.148690] hub 1-0:1.0: USB hub found
[    1.148846] hub 1-0:1.0: 2 ports detected
[    1.167558] ehci-pci 0000:00:1d.0: EHCI Host Controller
[    1.167567] ehci-pci 0000:00:1d.0: new USB bus registered, assigned bus number 2
[    1.167578] ehci-pci 0000:00:1d.0: debug port 2
[    1.171492] ehci-pci 0000:00:1d.0: irq 23, io mem 0xf7d13000
[    1.177576] ehci-pci 0000:00:1d.0: USB 2.0 started, EHCI 1.00
[    1.177644] usb usb2: New USB device found, idVendor=1d6b, idProduct=0002, bcdDevice= 7.00
[    1.177646] usb usb2: New USB device strings: Mfr=3, Product=2, SerialNumber=1
[    1.177648] usb usb2: Product: EHCI Host Controller
[    1.177649] usb usb2: Manufacturer: Linux 7.0.1 ehci_hcd
[    1.177650] usb usb2: SerialNumber: 0000:00:1d.0
[    1.177837] hub 2-0:1.0: USB hub found
[    1.177845] hub 2-0:1.0: 2 ports detected
[    1.179723] xhci_hcd 0000:00:14.0: xHCI Host Controller
[    1.179728] xhci_hcd 0000:00:14.0: new USB bus registered, assigned bus number 3
[    1.180789] xhci_hcd 0000:00:14.0: hcc params 0x200077c1 hci version 0x100 quirks 0x0000000000009810
[    1.183066] xhci_hcd 0000:00:14.0: xHCI Host Controller
[    1.183072] xhci_hcd 0000:00:14.0: new USB bus registered, assigned bus number 4
[    1.183076] xhci_hcd 0000:00:14.0: Host supports USB 3.0 SuperSpeed
[    1.183121] usb usb3: New USB device found, idVendor=1d6b, idProduct=0002, bcdDevice= 7.00
[    1.183124] usb usb3: New USB device strings: Mfr=3, Product=2, SerialNumber=1
[    1.183125] usb usb3: Product: xHCI Host Controller
[    1.183127] usb usb3: Manufacturer: Linux 7.0.1 xhci-hcd
[    1.183128] usb usb3: SerialNumber: 0000:00:14.0
[    1.183258] hub 3-0:1.0: USB hub found
[    1.183272] hub 3-0:1.0: 10 ports detected
[    1.187355] usb usb4: New USB device found, idVendor=1d6b, idProduct=0003, bcdDevice= 7.00
[    1.187359] usb usb4: New USB device strings: Mfr=3, Product=2, SerialNumber=1
[    1.187360] usb usb4: Product: xHCI Host Controller
[    1.187362] usb usb4: Manufacturer: Linux 7.0.1 xhci-hcd
[    1.187363] usb usb4: SerialNumber: 0000:00:14.0
[    1.189281] hub 4-0:1.0: USB hub found
[    1.189293] hub 4-0:1.0: 2 ports detected
[    1.189781] SCSI subsystem initialized
[    1.207178] libata version 3.00 loaded.
[    1.212270] ahci 0000:00:1f.2: AHCI vers 0001.0300, 32 command slots, 6 Gbps, SATA mode
[    1.212274] ahci 0000:00:1f.2: 3/4 ports implemented (port mask 0x13)
[    1.212275] ahci 0000:00:1f.2: flags: 64bit ncq pm led clo pio slum part ems 
[    1.216053] scsi host0: ahci
[    1.216245] scsi host1: ahci
[    1.216353] scsi host2: ahci
[    1.216453] scsi host3: ahci
[    1.217318] scsi host4: ahci
[    1.217363] ata1: SATA max UDMA/133 abar m2048@0xf7d12000 port 0xf7d12100 irq 32 lpm-pol 3
[    1.217366] ata2: SATA max UDMA/133 abar m2048@0xf7d12000 port 0xf7d12180 irq 32 lpm-pol 3
[    1.217367] ata3: DUMMY
[    1.217368] ata4: DUMMY
[    1.217369] ata5: SATA max UDMA/133 abar m2048@0xf7d12000 port 0xf7d12300 irq 32 lpm-pol 3
[    1.292587] tsc: Refined TSC clocksource calibration: 3292.375 MHz
[    1.292595] clocksource: tsc: mask: 0xffffffffffffffff max_cycles: 0x2f75298baf3, max_idle_ns: 440795322961 ns
[    1.292622] clocksource: Switched to clocksource tsc
[    1.404633] usb 1-1: new high-speed USB device number 2 using ehci-pci
[    1.412643] usb 2-1: new high-speed USB device number 2 using ehci-pci
[    1.523173] ata1: SATA link up 6.0 Gbps (SStatus 133 SControl 300)
[    1.523211] ata2: SATA link up 6.0 Gbps (SStatus 133 SControl 300)
[    1.524648] ata1.00: ATA-10: ST4000NE001-2MA101, TN04, max UDMA/133
[    1.524724] ata2.00: ATA-10: ETOPSO SSD 480GB, V0913A0, max UDMA/133
[    1.525102] ata1.00: 7814037168 sectors, multi 16: LBA48 NCQ (depth 32), AA
[    1.525118] ata1.00: Features: DIPM NCQ-sndrcv
[    1.525565] ata2.00: 937703088 sectors, multi 1: LBA48 NCQ (depth 32), AA
[    1.527048] ata1.00: configured for UDMA/133
[    1.529150] ata2.00: configured for UDMA/133
[    1.530408] usb 1-1: New USB device found, idVendor=8087, idProduct=8008, bcdDevice= 0.05
[    1.530425] usb 1-1: New USB device strings: Mfr=0, Product=0, SerialNumber=0
[    1.531124] hub 1-1:1.0: USB hub found
[    1.531156] hub 1-1:1.0: 4 ports detected
[    1.537411] scsi 0:0:0:0: Direct-Access     ATA      ST4000NE001-2MA1 TN04 PQ: 0 ANSI: 5
[    1.538029] usb 2-1: New USB device found, idVendor=8087, idProduct=8000, bcdDevice= 0.05
[    1.538033] usb 2-1: New USB device strings: Mfr=0, Product=0, SerialNumber=0
[    1.538453] hub 2-1:1.0: USB hub found
[    1.538536] hub 2-1:1.0: 6 ports detected
[    1.539328] scsi 1:0:0:0: Direct-Access     ATA      ETOPSO SSD 480GB 3A0  PQ: 0 ANSI: 5
[    2.440631] ata5: SATA link up 3.0 Gbps (SStatus 123 SControl 300)
[    2.440992] ACPI BIOS Error (bug): Could not resolve symbol [\_SB.PCI0.SAT0.SPT4._GTF.DSSP], AE_NOT_FOUND (20251212/psargs-332)
[    2.441161] ACPI Error: Aborting method \_SB.PCI0.SAT0.SPT4._GTF due to previous error (AE_NOT_FOUND) (20251212/psparse-529)
[    2.441317] ata5.00: ATA-9: Ramsta SSD S800 512GB, RY25V0, max UDMA/133
[    2.442607] ata5.00: 1000215216 sectors, multi 8: LBA48 NCQ (depth 32), AA
[    2.445088] ACPI BIOS Error (bug): Could not resolve symbol [\_SB.PCI0.SAT0.SPT4._GTF.DSSP], AE_NOT_FOUND (20251212/psargs-332)
[    2.445259] ACPI Error: Aborting method \_SB.PCI0.SAT0.SPT4._GTF due to previous error (AE_NOT_FOUND) (20251212/psparse-529)
[    2.447023] ata5.00: configured for UDMA/133
[    2.457583] scsi 4:0:0:0: Direct-Access     ATA      Ramsta SSD S800  V0   PQ: 0 ANSI: 5
[    2.468515] sd 1:0:0:0: [sda] 937703088 512-byte logical blocks: (480 GB/447 GiB)
[    2.468534] sd 1:0:0:0: [sda] Write Protect is off
[    2.468536] sd 1:0:0:0: [sda] Mode Sense: 00 3a 00 00
[    2.468545] sd 1:0:0:0: [sda] Write cache: enabled, read cache: enabled, doesn't support DPO or FUA
[    2.468561] sd 1:0:0:0: [sda] Preferred minimum I/O size 512 bytes
[    2.468562] sd 4:0:0:0: [sdc] 1000215216 512-byte logical blocks: (512 GB/477 GiB)
[    2.468571] sd 4:0:0:0: [sdc] Write Protect is off
[    2.468573] sd 4:0:0:0: [sdc] Mode Sense: 00 3a 00 00
[    2.468582] sd 4:0:0:0: [sdc] Write cache: enabled, read cache: enabled, doesn't support DPO or FUA
[    2.468598] sd 4:0:0:0: [sdc] Preferred minimum I/O size 512 bytes
[    2.468654] sd 0:0:0:0: [sdb] 7814037168 512-byte logical blocks: (4.00 TB/3.64 TiB)
[    2.468665] sd 0:0:0:0: [sdb] Write Protect is off
[    2.468666] sd 0:0:0:0: [sdb] Mode Sense: 00 3a 00 00
[    2.468675] sd 0:0:0:0: [sdb] Write cache: enabled, read cache: enabled, doesn't support DPO or FUA
[    2.468689] sd 0:0:0:0: [sdb] Preferred minimum I/O size 512 bytes
[    2.483903]  sda: sda1 sda2
[    2.484142] sd 1:0:0:0: [sda] Attached SCSI disk
[    2.485843]  sdc: sdc1
[    2.486012] sd 4:0:0:0: [sdc] Attached SCSI disk
[    2.541165]  sdb: sdb1
[    2.541457] sd 0:0:0:0: [sdb] Attached SCSI disk
[    2.736288] EXT4-fs (sda1): mounted filesystem 2f797433-55b0-4556-aacc-0a8f3207b91e r/w with ordered data mode. Quota mode: none.
[    3.878509] systemd-journald[137]: Received SIGTERM from PID 1 (systemd).
[    4.333613] systemd[1]: systemd 260.1 running in system mode (+PAM +AUDIT -SELINUX +APPARMOR +IMA +IPE +SMACK +SECCOMP +GCRYPT -GNUTLS +OPENSSL +ACL +BLKID +CURL +ELFUTILS +FIDO2 +IDN2 +KMOD +LIBCRYPTSETUP +LIBCRYPTSETUP_PLUGINS +LIBFDISK +PCRE2 +PWQUALITY +P11KIT +QRENCODE +TPM2 +BZIP2 +LZ4 +XZ +ZLIB +ZSTD +BPF_FRAMEWORK -BTF -XKBCOMMON +UTMP +LIBARCHIVE)
[    4.333643] systemd[1]: Detected architecture x86-64.
[    4.480699] systemd[1]: bpf-restrict-fs: LSM BPF program attached
[    4.901859] systemd[1]: initrd-switch-root.service: Deactivated successfully.
[    4.901983] systemd[1]: Stopped initrd-switch-root.service.
[    4.902863] systemd[1]: systemd-journald.service: Scheduled restart job, restart counter is at 1.
[    4.903439] systemd[1]: Created slice Slice /system/getty.
[    4.904036] systemd[1]: Created slice Samba (SMB Networking Protocol) Slice.
[    4.904757] systemd[1]: Created slice Slice /system/systemd-fsck.
[    4.905287] systemd[1]: Created slice User and Session Slice.
[    4.905474] systemd[1]: Started Dispatch Password Requests to Console Directory Watch.
[    4.905651] systemd[1]: Started Forward Password Requests to Wall Directory Watch.
[    4.905793] systemd[1]: Expecting device /dev/disk/by-uuid/2816155e-0df7-4496-bce3-d1542139ad6c...
[    4.905924] systemd[1]: Expecting device /dev/disk/by-uuid/83608ae0-18b6-4ac9-bc6d-c56a9f6974e0...
[    4.906050] systemd[1]: Expecting device /dev/disk/by-uuid/9bd0bdcc-0aff-4eb2-a9d6-95ec28fff538...
[    4.906183] systemd[1]: Reached target Local Encrypted Volumes.
[    4.906315] systemd[1]: Stopped target initrd-fs.target.
[    4.906439] systemd[1]: Stopped target initrd-root-fs.target.
[    4.906576] systemd[1]: Stopped target initrd-switch-root.target.
[    4.906713] systemd[1]: Reached target Virtual Machines and Containers.
[    4.906853] systemd[1]: Reached target Path Units.
[    4.906985] systemd[1]: Reached target Remote File Systems.
[    4.907117] systemd[1]: Reached target Slice Units.
[    4.908510] systemd[1]: Listening on Process Core Dump Socket.
[    4.909500] systemd[1]: Listening on Credential Encryption/Decryption.
[    4.911151] systemd[1]: Starting Journal Log Access Socket...
[    4.911548] systemd[1]: Listening on Journal Audit Socket.
[    4.911821] systemd[1]: Listening on Userspace Out-Of-Memory (OOM) Killer Socket.
[    4.911973] systemd[1]: Make TPM PCR Policy skipped, unmet condition check ConditionSecurity=measured-uki
[    4.912047] systemd[1]: Listening on udev Control Socket.
[    4.919323] systemd[1]: Mounting Huge Pages File System...
[    4.920464] systemd[1]: Mounting POSIX Message Queue File System...
[    4.921487] systemd[1]: Mounting Kernel Debug File System...
[    4.924140] systemd[1]: Mounting Kernel Trace File System...
[    4.925252] systemd[1]: Starting Create List of Static Device Nodes...
[    4.926279] systemd[1]: Starting Load Kernel Module configfs...
[    4.926441] systemd[1]: Load Kernel Module drm skipped, unmet condition check ConditionKernelModuleLoaded=!drm
[    4.926473] systemd[1]: Load Kernel Module efi_pstore skipped, unmet condition check ConditionKernelModuleLoaded=!efi_pstore
[    4.927405] systemd[1]: Starting Load Kernel Module fuse...
[    4.927636] systemd[1]: Clear Stale Hibernate Storage Info skipped, unmet condition check ConditionPathExists=/sys/firmware/efi/efivars/HibernateLocation-8cf2644b-4b0b-428f-9387-6d876050dc67
[    4.930154] systemd[1]: Starting Journal Service...
[    4.931936] systemd[1]: Starting Load Kernel Modules...
[    4.933253] systemd[1]: Starting Remount Root and Kernel File Systems...
[    4.933431] systemd[1]: Early TPM SRK Setup skipped, unmet condition check ConditionSecurity=measured-uki
[    4.935386] systemd[1]: Starting Coldplug All udev Devices...
[    4.936477] systemd[1]: Listening on Journal Log Access Socket.
[    4.942972] systemd[1]: Finished Create List of Static Device Nodes.
[    4.944100] systemd[1]: Starting Create Static Device Nodes in /dev gracefully...
[    4.955115] systemd[1]: modprobe@configfs.service: Deactivated successfully.
[    4.955318] systemd[1]: Finished Load Kernel Module configfs.
[    4.956637] systemd[1]: Mounting Kernel Configuration File System...
[    4.960851] systemd[1]: Mounted POSIX Message Queue File System.
[    4.961111] systemd[1]: Mounted Kernel Debug File System.
[    4.961328] systemd[1]: Mounted Kernel Trace File System.
[    4.962557] systemd[1]: Mounted Huge Pages File System.
[    4.964990] EXT4-fs (sda1): re-mounted 2f797433-55b0-4556-aacc-0a8f3207b91e.
[    4.965845] systemd[1]: Finished Remount Root and Kernel File Systems.
[    4.966111] systemd[1]: Platform Persistent Storage Archival skipped, unmet condition check ConditionDirectoryNotEmpty=/sys/fs/pstore
[    4.966988] systemd[1]: Starting Load/Save OS Random Seed...
[    4.969744] systemd[1]: Starting Network Time Synchronization...
[    4.969902] systemd[1]: TPM SRK Setup skipped, unmet condition check ConditionSecurity=measured-uki
[    4.970464] systemd[1]: Mounted Kernel Configuration File System.
[    4.973617] fuse: init (API version 7.45)
[    4.974091] systemd-journald[695]: Collecting audit messages is enabled.
[    4.975032] systemd[1]: modprobe@fuse.service: Deactivated successfully.
[    4.978072] systemd[1]: Finished Load Kernel Module fuse.
[    4.986718] systemd[1]: Started Journal Service.
[    4.994701] loop: module loaded
[    5.000898] bridge: filtering via arp/ip/ip6tables is no longer available by default. Update your scripts to load br_netfilter if you need this.
[    5.007444] Bridge firewalling registered
[    5.015763] systemd-journald[695]: Received client request to flush runtime journal.
[    5.273415] input: Power Button as /devices/platform/PNP0C0C:00/input/input0
[    5.273442] ACPI: button: Power Button [PWRB]
[    5.273490] input: Power Button as /devices/platform/LNXPWRBN:00/input/input1
[    5.273514] ACPI: button: Power Button [PWRF]
[    5.285552] acpi LNXTHERM:00: registered as thermal_zone0
[    5.285556] ACPI: thermal: Thermal Zone [TZ00] (28 C)
[    5.285855] acpi LNXTHERM:01: registered as thermal_zone1
[    5.285858] ACPI: thermal: Thermal Zone [TZ01] (30 C)
[    5.325829] rtc_cmos 00:00: RTC can wake from S4
[    5.334485] rtc_cmos 00:00: registered as rtc0
[    5.334517] rtc_cmos 00:00: setting system clock to 2026-04-29T07:55:51 UTC (1777449351)
[    5.334562] rtc_cmos 00:00: alarms up to one month, y3k, 242 bytes nvram
[    5.384677] ACPI Warning: SystemIO range 0x0000000000001828-0x000000000000182F conflicts with OpRegion 0x0000000000001800-0x000000000000187F (\PMIO) (20251212/utaddress-204)
[    5.384684] ACPI: OSL: Resource conflict; ACPI support missing from driver?
[    5.384686] ACPI Warning: SystemIO range 0x0000000000001C40-0x0000000000001C4F conflicts with OpRegion 0x0000000000001C00-0x0000000000001FFF (\GPR) (20251212/utaddress-204)
[    5.384689] ACPI: OSL: Resource conflict; ACPI support missing from driver?
[    5.384690] ACPI Warning: SystemIO range 0x0000000000001C30-0x0000000000001C3F conflicts with OpRegion 0x0000000000001C00-0x0000000000001C3F (\GPRL) (20251212/utaddress-204)
[    5.384693] ACPI Warning: SystemIO range 0x0000000000001C30-0x0000000000001C3F conflicts with OpRegion 0x0000000000001C00-0x0000000000001FFF (\GPR) (20251212/utaddress-204)
[    5.384695] ACPI: OSL: Resource conflict; ACPI support missing from driver?
[    5.384696] ACPI Warning: SystemIO range 0x0000000000001C00-0x0000000000001C2F conflicts with OpRegion 0x0000000000001C00-0x0000000000001C3F (\GPRL) (20251212/utaddress-204)
[    5.384698] ACPI Warning: SystemIO range 0x0000000000001C00-0x0000000000001C2F conflicts with OpRegion 0x0000000000001C00-0x0000000000001FFF (\GPR) (20251212/utaddress-204)
[    5.384700] ACPI: OSL: Resource conflict; ACPI support missing from driver?
[    5.384701] lpc_ich: Resource conflict(s) found affecting gpio_ich
[    5.433069] i801_smbus 0000:00:1f.3: SMBus using PCI interrupt
[    5.433848] i2c i2c-0: Successfully instantiated SPD at 0x50
[    5.458679] Adding 9227464k swap on /dev/sda2.  Priority:-1 extents:1 across:9227464k SS
[    5.513272] RAPL PMU: API unit is 2^-32 Joules, 4 fixed counters, 655360 ms ovfl timer
[    5.513276] RAPL PMU: hw unit of domain pp0-core 2^-14 Joules
[    5.513278] RAPL PMU: hw unit of domain package 2^-14 Joules
[    5.513278] RAPL PMU: hw unit of domain dram 2^-14 Joules
[    5.513279] RAPL PMU: hw unit of domain pp1-gpu 2^-14 Joules
[    5.518597] iTCO_wdt iTCO_wdt.1.auto: Found a Lynx Point TCO device (Version=2, TCOBASE=0x1860)
[    5.518868] iTCO_wdt iTCO_wdt.1.auto: initialized. heartbeat=30 sec (nowayout=0)
[    5.599727] r8169 0000:03:00.0 eth0: RTL8168g/8111g, 38:d5:47:12:05:c6, XID 4c0, IRQ 34
[    5.599734] r8169 0000:03:00.0 eth0: jumbo features [frames: 9194 bytes, tx checksumming: ko]
[    6.085152] Setting dangerous option enable_fbc - tainting kernel
[    6.085158] Setting dangerous option enable_guc - tainting kernel
[    6.089540] at24 0-0050: supply vcc not found, using dummy regulator
[    6.091898] at24 0-0050: 256 byte spd EEPROM, read-only
[    6.092086] i915 0000:00:02.0: [drm] Found haswell (device ID 0412) integrated display version 7.00 stepping N/A
[    6.092491] r8169 0000:03:00.0 enp3s0: renamed from eth0
[    6.092570] i915 0000:00:02.0: [drm] GT0: Incompatible option enable_guc=2 - GuC is not supported!
[    6.092598] i915 0000:00:02.0: [drm] PipeC fused off
[    6.092751] i915 0000:00:02.0: vgaarb: deactivate vga console
[    6.093124] Console: switching to colour dummy device 80x25
[    6.097359] i915 0000:00:02.0: vgaarb: VGA decodes changed: olddecodes=io+mem,decodes=io+mem:owns=io+mem
[    6.099056] i8042: PNP: No PS/2 controller found.
[    6.123598] asus_wmi: ASUS WMI generic driver loaded
[    6.128735] asus_wmi: failed to register LPS0 sleep handler in asus-wmi
[    6.128809] asus_wmi: Initialization: 0x0
[    6.128836] asus_wmi: BIOS WMI version: 0.9
[    6.128876] asus_wmi: SFUN value: 0x0
[    6.128878] eeepc-wmi eeepc-wmi: Detected ASUSWMI, use DCTS
[    6.132836] i915 0000:00:02.0: [drm] Registered 2 planes with drm panic
[    6.133150] input: Eee PC WMI hotkeys as /devices/platform/eeepc-wmi/input/input2
[    6.141300] [drm] Initialized i915 1.6.0 for 0000:00:02.0 on minor 0
[    6.143682] ACPI: video: Video Device [GFX0] (multi-head: yes  rom: no  post: no)
[    6.143851] input: Video Bus as /devices/pci0000:00/acpi.video_bus.0/input/input3
[    6.154740] i915 0000:00:02.0: [drm] Cannot find any crtc or sizes
[    6.155121] spi-nor spi0.0: supply vcc not found, using dummy regulator
[    6.161122] Creating 1 MTD partitions on "intel-spi":
[    6.161127] 0x000000000000-0x000000800000 : "BIOS"
[    6.170896] EXT4-fs (sdb1): mounted filesystem 2816155e-0df7-4496-bce3-d1542139ad6c r/w with ordered data mode. Quota mode: none.
[    6.173467] EXT4-fs (sdc1): mounted filesystem 83608ae0-18b6-4ac9-bc6d-c56a9f6974e0 r/w with ordered data mode. Quota mode: none.
[    6.175838] i915 0000:00:02.0: [drm] Cannot find any crtc or sizes
[    6.178270] i915 0000:00:02.0: [drm] Cannot find any crtc or sizes
[    6.183626] intel_rapl_common: Found RAPL domain package
[    6.183630] intel_rapl_common: Found RAPL domain core
[    6.183631] intel_rapl_common: Found RAPL domain uncore
[    6.183632] intel_rapl_common: Found RAPL domain dram
[    7.114595] Generic FE-GE Realtek PHY r8169-0-300:00: attached PHY driver (mii_bus:phy_addr=r8169-0-300:00, irq=MAC)
[    7.224657] r8169 0000:03:00.0 enp3s0: Link is Down
[    9.800702] r8169 0000:03:00.0 enp3s0: Link is Up - 1Gbps/Full - flow control rx/tx
[    9.826269] NET: Registered PF_PACKET protocol family
[   15.972992] tun: Universal TUN/TAP device driver, 1.6
[   17.398755] Initializing XFRM netlink socket
[   18.129268] NOTICE: Automounting of tracing to debugfs is deprecated and will be removed in 2030
[   64.625007] /proc/cgroups lists only v1 controllers, use cgroup.controllers of root cgroup for v2 info
